[    1895ms] [ERROR] Failed to load resource: the server responded with a status of 404 (Not Found) @ http://localhost:3000/favicon.ico:0
[   27109ms] PrismaClientValidationError: 
Invalid `__TURBOPACK__imported__module__$5b$project$5d2f$src$2f$lib$2f$db$2e$ts__$5b$app$2d$rsc$5d$__$28$ecmascript$29$__["prisma"].municipio.findUnique()` invocation in
C:\projects\PPA-LDO-LOA\.next\dev\server\chunks\ssr\[root-of-the-server]__4a082e97._.js:252:142

  249     },
  250     take: 3
  251 }),
→ 252 __TURBOPACK__imported__module__$5b$project$5d2f$src$2f$lib$2f$db$2e$ts__$5b$app$2d$rsc$5d$__$28$ecmascript$29$__["prisma"].municipio.findUnique({
        where: {
          id: "cmn1uxcmj00007kufecuuez04"
        },
        select: {
          modulosDesativados: true,
          ~~~~~~~~~~~~~~~~~~
      ?   id?: true,
      ?   cnpj?: true,
      ?   nome?: true,
      ?   uf?: true,
      ?   populacao?: true,
      ?   logoUrl?: true,
      ?   criadoEm?: true,
      ?   usuarios?: true,
      ?   secretarias?: true,
      ?   ppas?: true,
      ?   ldos?: true,
      ?   loas?: true,
      ?   liquidacoesHistoricas?: true,
      ?   importacoes?: true,
      ?   aiAnalises?: true,
      ?   execucoesMensais?: true,
      ?   _count?: true
        }
      })

Unknown field `modulosDesativados` for select statement on model `Municipio`. Available options are marked with ?.
    at  AppLayout (about://React/Server/C:%5Cprojects%5CPPA-LDO-LOA%5C.next%5Cdev%5Cserver%5Cchunks%5Cssr%5C%5Broot-of-the-server%5D__4a082e97._.js?25:232:39)
    at resolveErrorDev (http://localhost:3000/_next/static/chunks/node_modules_next_dist_compiled_react-server-dom-turbopack_9212ccad._.js:1894:148)
    at processFullStringRow (http://localhost:3000/_next/static/chunks/node_modules_next_dist_compiled_react-server-dom-turbopack_9212ccad._.js:2402:29)
    at processFullBinaryRow (http://localhost:3000/_next/static/chunks/node_modules_next_dist_compiled_react-server-dom-turbopack_9212ccad._.js:2361:9)
    at processBinaryChunk (http://localhost:3000/_next/static/chunks/node_modules_next_dist_compiled_react-server-dom-turbopack_9212ccad._.js:2470:221)
    at progress (http://localhost:3000/_next/static/chunks/node_modules_next_dist_compiled_react-server-dom-turbopack_9212ccad._.js:2640:13)
