[     401ms] [ERROR] Failed to load resource: the server responded with a status of 500 (Internal Server Error) @ http://localhost:3000/dashboard:0
[     553ms] PrismaClientValidationError: 
Invalid `__TURBOPACK__imported__module__$5b$project$5d2f$src$2f$lib$2f$db$2e$ts__$5b$app$2d$rsc$5d$__$28$ecmascript$29$__["prisma"].municipio.findUnique()` invocation in
C:\projects\PPA-LDO-LOA\.next\dev\server\chunks\ssr\[root-of-the-server]__4a082e97._.js:252:142

  249     },
  250     take: 3
  251 }),
→ 252 __TURBOPACK__imported__module__$5b$project$5d2f$src$2f$lib$2f$db$2e$ts__$5b$app$2d$rsc$5d$__$28$ecmascript$29$__["prisma"].municipio.findUnique({
        where: {
          id: "cmn1uxcmj00007kufecuuez04"
        },
        select: {
          modulosDesativados: true,
          ~~~~~~~~~~~~~~~~~~
      ?   id?: true,
      ?   cnpj?: true,
      ?   nome?: true,
      ?   uf?: true,
      ?   populacao?: true,
      ?   logoUrl?: true,
      ?   criadoEm?: true,
      ?   usuarios?: true,
      ?   secretarias?: true,
      ?   ppas?: true,
      ?   ldos?: true,
      ?   loas?: true,
      ?   liquidacoesHistoricas?: true,
      ?   importacoes?: true,
      ?   aiAnalises?: true,
      ?   execucoesMensais?: true,
      ?   _count?: true
        }
      })

Unknown field `modulosDesativados` for select statement on model `Municipio`. Available options are marked with ?.
    at  AppLayout (about://React/Server/C:%5Cprojects%5CPPA-LDO-LOA%5C.next%5Cdev%5Cserver%5Cchunks%5Cssr%5C%5Broot-of-the-server%5D__4a082e97._.js?11:232:39)
    at resolveErrorDev (http://localhost:3000/_next/static/chunks/node_modules_next_dist_compiled_react-server-dom-turbopack_9212ccad._.js:1894:148)
    at processFullStringRow (http://localhost:3000/_next/static/chunks/node_modules_next_dist_compiled_react-server-dom-turbopack_9212ccad._.js:2402:29)
    at processFullBinaryRow (http://localhost:3000/_next/static/chunks/node_modules_next_dist_compiled_react-server-dom-turbopack_9212ccad._.js:2361:9)
    at processBinaryChunk (http://localhost:3000/_next/static/chunks/node_modules_next_dist_compiled_react-server-dom-turbopack_9212ccad._.js:2470:221)
    at progress (http://localhost:3000/_next/static/chunks/node_modules_next_dist_compiled_react-server-dom-turbopack_9212ccad._.js:2640:13)
[    4490ms] [WARNING] The resource http://localhost:3000/_next/static/chunks/src_styles_globals_47180df9.css was preloaded using link preload but not used within a few seconds from the window's load event. Please make sure it has an appropriate `as` value and it is preloaded intentionally. @ http://localhost:3000/dashboard:0
[   91752ms] [ERROR] WebSocket connection to 'ws://localhost:3000/_next/webpack-hmr?id=ONIki3CthBUNV1jjFZmLZ' failed: Error in connection establishment: net::ERR_CONNECTION_REFUSED @ http://localhost:3000/_next/static/chunks/node_modules_next_dist_client_17643121._.js:10878
[   95092ms] [ERROR] WebSocket connection to 'ws://localhost:3000/_next/webpack-hmr?id=ONIki3CthBUNV1jjFZmLZ' failed: Error in connection establishment: net::ERR_CONNECTION_REFUSED @ http://localhost:3000/_next/static/chunks/node_modules_next_dist_client_17643121._.js:10878
[   98422ms] [ERROR] WebSocket connection to 'ws://localhost:3000/_next/webpack-hmr?id=ONIki3CthBUNV1jjFZmLZ' failed: Error in connection establishment: net::ERR_CONNECTION_REFUSED @ http://localhost:3000/_next/static/chunks/node_modules_next_dist_client_17643121._.js:10878
[  103544ms] [ERROR] %c%s%c (node:28272) Warning: SECURITY WARNING: The SSL modes 'prefer', 'require', and 'verify-ca' are treated as aliases for 'verify-full'.
In the next major version (pg-connection-string v3.0.0 and pg v9.0.0), these modes will adopt standard libpq semantics, which have weaker security guarantees.

To prepare for this change:
- If you want the current behavior, explicitly use 'sslmode=verify-full'
- If you want libpq compatibility now, use 'uselibpqcompat=true&sslmode=require'

See https://www.postgresql.org/docs/current/libpq-ssl.html for libpq SSL mode definitions.
(Use `node --trace-warnings ...` to show where the warning was created) background: #e6e6e6;background: light-dark(rgba(0,0,0,0.1), rgba(255,255,255,0.25));color: #000000;color: light-dark(#000000, #ffffff);border-radius: 2px  Server   @ http://localhost:3000/_next/static/chunks/node_modules_next_dist_f3530cac._.js:3127
[  121643ms] [WARNING] Detected `scroll-behavior: smooth` on the `<html>` element. To disable smooth scrolling during route transitions, add `data-scroll-behavior="smooth"` to your <html> element. Learn more: https://nextjs.org/docs/messages/missing-data-scroll-behavior @ http://localhost:3000/_next/static/chunks/node_modules_next_dist_f3530cac._.js:2297
